---
source: tests/e2e_tests.rs
expression: markdown
---
# Getting Started

Welcome to our documentation!

This guide will help you get started with our product.
