---
source: tests/e2e_tests.rs
expression: markdown
---
## ðŸ—“Â Date

## ðŸ‘¥Â Participants

- @user:6320c26429083bbe8cc369b0

## ðŸ¥…Â Goals

## ðŸ—£Â Discussion topics

| Time  | Topic          |
| ----- | -------------- |
| 10:00 | Project update |

## âœ…Â Action items

- [ ] Review architecture proposal
- [x] Update documentation
