---
source: tests/e2e_tests.rs
expression: markdown
---
## Incomplete tasks from meetings

## Decisions from meetings

## All meeting notes
